// Jest Snapshot v1, https://goo.gl/fbAQLP

exports[`<PostCard /> should match snapshot 1`] = `
<div>
  <div
    class="post"
  >
    <img
      alt="post-title"
      src="img/img.png"
    />
    <div
      class="post-content"
    >
      <h2>
        post-title
      </h2>
      <p>
        post-body
      </p>
    </div>
  </div>
</div>
`;
